Archive member included to satisfy reference by file (symbol)

D:/Program Files/STM32CubeIDE_1.19.0/STM32CubeIDE/plugins/com.st.stm32cube.ide.mcu.externaltools.gnu-tools-for-stm32.13.3.rel1.win32_1.0.0.202411081344/tools/bin/../lib/gcc/arm-none-eabi/13.3.1/../../../../arm-none-eabi/lib/thumb/v7-m/nofp\libc_nano.a(libc_a-exit.o)
                              D:/Program Files/STM32CubeIDE_1.19.0/STM32CubeIDE/plugins/com.st.stm32cube.ide.mcu.externaltools.gnu-tools-for-stm32.13.3.rel1.win32_1.0.0.202411081344/tools/bin/../lib/gcc/arm-none-eabi/13.3.1/../../../../arm-none-eabi/lib/thumb/v7-m/nofp/crt0.o (exit)
D:/Program Files/STM32CubeIDE_1.19.0/STM32CubeIDE/plugins/com.st.stm32cube.ide.mcu.externaltools.gnu-tools-for-stm32.13.3.rel1.win32_1.0.0.202411081344/tools/bin/../lib/gcc/arm-none-eabi/13.3.1/../../../../arm-none-eabi/lib/thumb/v7-m/nofp\libc_nano.a(libc_a-findfp.o)
                              D:/Program Files/STM32CubeIDE_1.19.0/STM32CubeIDE/plugins/com.st.stm32cube.ide.mcu.externaltools.gnu-tools-for-stm32.13.3.rel1.win32_1.0.0.202411081344/tools/bin/../lib/gcc/arm-none-eabi/13.3.1/../../../../arm-none-eabi/lib/thumb/v7-m/nofp\libc_nano.a(libc_a-exit.o) (__stdio_exit_handler)
D:/Program Files/STM32CubeIDE_1.19.0/STM32CubeIDE/plugins/com.st.stm32cube.ide.mcu.externaltools.gnu-tools-for-stm32.13.3.rel1.win32_1.0.0.202411081344/tools/bin/../lib/gcc/arm-none-eabi/13.3.1/../../../../arm-none-eabi/lib/thumb/v7-m/nofp\libc_nano.a(libc_a-fwalk.o)
                              D:/Program Files/STM32CubeIDE_1.19.0/STM32CubeIDE/plugins/com.st.stm32cube.ide.mcu.externaltools.gnu-tools-for-stm32.13.3.rel1.win32_1.0.0.202411081344/tools/bin/../lib/gcc/arm-none-eabi/13.3.1/../../../../arm-none-eabi/lib/thumb/v7-m/nofp\libc_nano.a(libc_a-findfp.o) (_fwalk_sglue)
D:/Program Files/STM32CubeIDE_1.19.0/STM32CubeIDE/plugins/com.st.stm32cube.ide.mcu.externaltools.gnu-tools-for-stm32.13.3.rel1.win32_1.0.0.202411081344/tools/bin/../lib/gcc/arm-none-eabi/13.3.1/../../../../arm-none-eabi/lib/thumb/v7-m/nofp\libc_nano.a(libc_a-stdio.o)
                              D:/Program Files/STM32CubeIDE_1.19.0/STM32CubeIDE/plugins/com.st.stm32cube.ide.mcu.externaltools.gnu-tools-for-stm32.13.3.rel1.win32_1.0.0.202411081344/tools/bin/../lib/gcc/arm-none-eabi/13.3.1/../../../../arm-none-eabi/lib/thumb/v7-m/nofp\libc_nano.a(libc_a-findfp.o) (__sread)
D:/Program Files/STM32CubeIDE_1.19.0/STM32CubeIDE/plugins/com.st.stm32cube.ide.mcu.externaltools.gnu-tools-for-stm32.13.3.rel1.win32_1.0.0.202411081344/tools/bin/../lib/gcc/arm-none-eabi/13.3.1/../../../../arm-none-eabi/lib/thumb/v7-m/nofp\libc_nano.a(libc_a-memset.o)
                              D:/Program Files/STM32CubeIDE_1.19.0/STM32CubeIDE/plugins/com.st.stm32cube.ide.mcu.externaltools.gnu-tools-for-stm32.13.3.rel1.win32_1.0.0.202411081344/tools/bin/../lib/gcc/arm-none-eabi/13.3.1/../../../../arm-none-eabi/lib/thumb/v7-m/nofp/crt0.o (memset)
D:/Program Files/STM32CubeIDE_1.19.0/STM32CubeIDE/plugins/com.st.stm32cube.ide.mcu.externaltools.gnu-tools-for-stm32.13.3.rel1.win32_1.0.0.202411081344/tools/bin/../lib/gcc/arm-none-eabi/13.3.1/../../../../arm-none-eabi/lib/thumb/v7-m/nofp\libc_nano.a(libc_a-closer.o)
                              D:/Program Files/STM32CubeIDE_1.19.0/STM32CubeIDE/plugins/com.st.stm32cube.ide.mcu.externaltools.gnu-tools-for-stm32.13.3.rel1.win32_1.0.0.202411081344/tools/bin/../lib/gcc/arm-none-eabi/13.3.1/../../../../arm-none-eabi/lib/thumb/v7-m/nofp\libc_nano.a(libc_a-stdio.o) (_close_r)
D:/Program Files/STM32CubeIDE_1.19.0/STM32CubeIDE/plugins/com.st.stm32cube.ide.mcu.externaltools.gnu-tools-for-stm32.13.3.rel1.win32_1.0.0.202411081344/tools/bin/../lib/gcc/arm-none-eabi/13.3.1/../../../../arm-none-eabi/lib/thumb/v7-m/nofp\libc_nano.a(libc_a-reent.o)
                              D:/Program Files/STM32CubeIDE_1.19.0/STM32CubeIDE/plugins/com.st.stm32cube.ide.mcu.externaltools.gnu-tools-for-stm32.13.3.rel1.win32_1.0.0.202411081344/tools/bin/../lib/gcc/arm-none-eabi/13.3.1/../../../../arm-none-eabi/lib/thumb/v7-m/nofp\libc_nano.a(libc_a-closer.o) (errno)
D:/Program Files/STM32CubeIDE_1.19.0/STM32CubeIDE/plugins/com.st.stm32cube.ide.mcu.externaltools.gnu-tools-for-stm32.13.3.rel1.win32_1.0.0.202411081344/tools/bin/../lib/gcc/arm-none-eabi/13.3.1/../../../../arm-none-eabi/lib/thumb/v7-m/nofp\libc_nano.a(libc_a-impure.o)
                              D:/Program Files/STM32CubeIDE_1.19.0/STM32CubeIDE/plugins/com.st.stm32cube.ide.mcu.externaltools.gnu-tools-for-stm32.13.3.rel1.win32_1.0.0.202411081344/tools/bin/../lib/gcc/arm-none-eabi/13.3.1/../../../../arm-none-eabi/lib/thumb/v7-m/nofp\libc_nano.a(libc_a-reent.o) (_impure_ptr)
D:/Program Files/STM32CubeIDE_1.19.0/STM32CubeIDE/plugins/com.st.stm32cube.ide.mcu.externaltools.gnu-tools-for-stm32.13.3.rel1.win32_1.0.0.202411081344/tools/bin/../lib/gcc/arm-none-eabi/13.3.1/../../../../arm-none-eabi/lib/thumb/v7-m/nofp\libc_nano.a(libc_a-lseekr.o)
[...]
Memory Configuration

Name             Origin             Length             Attributes
RAM              0x20000000         0x00005000         xrw
FLASH            0x08000000         0x00010000         xr
*default*        0x00000000         0xffffffff

Linker script and memory map

LOAD D:/Program Files/STM32CubeIDE_1.19.0/STM32CubeIDE/plugins/com.st.stm32cube.ide.mcu.externaltools.gnu-tools-for-stm32.13.3.rel1.win32_1.0.0.202411081344/tools/bin/../lib/gcc/arm-none-eabi/13.3.1/thumb/v7-m/nofp/crti.o
LOAD D:/Program Files/STM32CubeIDE_1.19.0/STM32CubeIDE/plugins/com.st.stm32cube.ide.mcu.externaltools.gnu-tools-for-stm32.13.3.rel1.win32_1.0.0.202411081344/tools/bin/../lib/gcc/arm-none-eabi/13.3.1/thumb/v7-m/nofp/crtbegin.o
LOAD D:/Program Files/STM32CubeIDE_1.19.0/STM32CubeIDE/plugins/com.st.stm32cube.ide.mcu.externaltools.gnu-tools-for-stm32.13.3.rel1.win32_1.0.0.202411081344/tools/bin/../lib/gcc/arm-none-eabi/13.3.1/../../../../arm-none-eabi/lib/thumb/v7-m/nofp/crt0.o
LOAD ./Core/Src/can.o
LOAD ./Core/Src/gpio.o
LOAD ./Core/Src/main.o
LOAD ./Core/Src/stm32f1xx_hal_msp.o
LOAD ./Core/Src/stm32f1xx_hal_timebase_tim.o
LOAD ./Core/Src/stm32f1xx_it.o
LOAD ./Core/Src/syscalls.o
LOAD ./Core/Src/sysmem.o
LOAD ./Core/Src/system_stm32f1xx.o
LOAD ./Core/Src/tim.o
LOAD ./Core/Startup/startup_stm32f103c8tx.o
LOAD ./Drivers/STM32F1xx_HAL_Driver/Src/stm32f1xx_hal.o
LOAD ./Drivers/STM32F1xx_HAL_Driver/Src/stm32f1xx_hal_can.o
LOAD ./Drivers/STM32F1xx_HAL_Driver/Src/stm32f1xx_hal_cortex.o
LOAD ./Drivers/STM32F1xx_HAL_Driver/Src/stm32f1xx_hal_dma.o
LOAD ./Drivers/STM32F1xx_HAL_Driver/Src/stm32f1xx_hal_exti.o
LOAD ./Drivers/STM32F1xx_HAL_Driver/Src/stm32f1xx_hal_flash.o
LOAD ./Drivers/STM32F1xx_HAL_Driver/Src/stm32f1xx_hal_flash_ex.o
LOAD ./Drivers/STM32F1xx_HAL_Driver/Src/stm32f1xx_hal_gpio.o
LOAD ./Drivers/STM32F1xx_HAL_Driver/Src/stm32f1xx_hal_gpio_ex.o
LOAD ./Drivers/STM32F1xx_HAL_Driver/Src/stm32f1xx_hal_pwr.o
LOAD ./Drivers/STM32F1xx_HAL_Driver/Src/stm32f1xx_hal_rcc.o
LOAD ./Drivers/STM32F1xx_HAL_Driver/Src/stm32f1xx_hal_rcc_ex.o
LOAD ./Drivers/STM32F1xx_HAL_Driver/Src/stm32f1xx_hal_tim.o
LOAD ./Drivers/STM32F1xx_HAL_Driver/Src/stm32f1xx_hal_tim_ex.o
LOAD ./Encoder/Src/Encoder.o
LOAD ./FreeRTOS/Source/croutine.o
LOAD ./FreeRTOS/Source/event_groups.o
LOAD ./FreeRTOS/Source/list.o
LOAD ./FreeRTOS/Source/queue.o
LOAD ./FreeRTOS/Source/stream_buffer.o
LOAD ./FreeRTOS/Source/tasks.o
LOAD ./FreeRTOS/Source/timers.o
LOAD ./FreeRTOS/Source/portable/GCC/ARM_CM3/port.o
LOAD ./FreeRTOS/Source/portable/MemMang/heap_4.o
START GROUP
LOAD D:/Program Files/STM32CubeIDE_1.19.0/STM32CubeIDE/plugins/com.st.stm32cube.ide.mcu.externaltools.gnu-tools-for-stm32.13.3.rel1.win32_1.0.0.202411081344/tools/bin/../lib/gcc/arm-none-eabi/13.3.1/../../../../arm-none-eabi/lib/thumb/v7-m/nofp\libc_nano.a
LOAD D:/Program Files/STM32CubeIDE_1.19.0/STM32CubeIDE/plugins/com.st.stm32cube.ide.mcu.externaltools.gnu-tools-for-stm32.13.3.rel1.win32_1.0.0.202411081344/tools/bin/../lib/gcc/arm-none-eabi/13.3.1/../../../../arm-none-eabi/lib/thumb/v7-m/nofp\libm.a
END GROUP
START GROUP
LOAD D:/Program Files/STM32CubeIDE_1.19.0/STM32CubeIDE/plugins/com.st.stm32cube.ide.mcu.externaltools.gnu-tools-for-stm32.13.3.rel1.win32_1.0.0.202411081344/tools/bin/../lib/gcc/arm-none-eabi/13.3.1/thumb/v7-m/nofp\libgcc.a
LOAD D:/Program Files/STM32CubeIDE_1.19.0/STM32CubeIDE/plugins/com.st.stm32cube.ide.mcu.externaltools.gnu-tools-for-stm32.13.3.rel1.win32_1.0.0.202411081344/tools/bin/../lib/gcc/arm-none-eabi/13.3.1/../../../../arm-none-eabi/lib/thumb/v7-m/nofp\libc_nano.a
END GROUP
START GROUP
LOAD D:/Program Files/STM32CubeIDE_1.19.0/STM32CubeIDE/plugins/com.st.stm32cube.ide.mcu.externaltools.gnu-tools-for-stm32.13.3.rel1.win32_1.0.0.202411081344/tools/bin/../lib/gcc/arm-none-eabi/13.3.1/thumb/v7-m/nofp\libgcc.a
LOAD D:/Program Files/STM32CubeIDE_1.19.0/STM32CubeIDE/plugins/com.st.stm32cube.ide.mcu.externaltools.gnu-tools-for-stm32.13.3.rel1.win32_1.0.0.202411081344/tools/bin/../lib/gcc/arm-none-eabi/13.3.1/../../../../arm-none-eabi/lib/thumb/v7-m/nofp\libc_nano.a
LOAD D:/Program Files/STM32CubeIDE_1.19.0/STM32CubeIDE/plugins/com.st.stm32cube.ide.mcu.externaltools.gnu-tools-for-stm32.13.3.rel1.win32_1.0.0.202411081344/tools/bin/../lib/gcc/arm-none-eabi/13.3.1/../../../../arm-none-eabi/lib/thumb/v7-m/nofp\libnosys.a
END GROUP
START GROUP
LOAD D:/Program Files/STM32CubeIDE_1.19.0/STM32CubeIDE/plugins/com.st.stm32cube.ide.mcu.externaltools.gnu-tools-for-stm32.13.3.rel1.win32_1.0.0.202411081344/tools/bin/../lib/gcc/arm-none-eabi/13.3.1/thumb/v7-m/nofp\libgcc.a
LOAD D:/Program Files/STM32CubeIDE_1.19.0/STM32CubeIDE/plugins/com.st.stm32cube.ide.mcu.externaltools.gnu-tools-for-stm32.13.3.rel1.win32_1.0.0.202411081344/tools/bin/../lib/gcc/arm-none-eabi/13.3.1/../../../../arm-none-eabi/lib/thumb/v7-m/nofp\libc_nano.a
LOAD D:/Program Files/STM32CubeIDE_1.19.0/STM32CubeIDE/plugins/com.st.stm32cube.ide.mcu.externaltools.gnu-tools-for-stm32.13.3.rel1.win32_1.0.0.202411081344/tools/bin/../lib/gcc/arm-none-eabi/13.3.1/../../../../arm-none-eabi/lib/thumb/v7-m/nofp\libnosys.a
END GROUP
LOAD D:/Program Files/STM32CubeIDE_1.19.0/STM32CubeIDE/plugins/com.st.stm32cube.ide.mcu.externaltools.gnu-tools-for-stm32.13.3.rel1.win32_1.0.0.202411081344/tools/bin/../lib/gcc/arm-none-eabi/13.3.1/thumb/v7-m/nofp/crtend.o
LOAD D:/Program Files/STM32CubeIDE_1.19.0/STM32CubeIDE/plugins/com.st.stm32cube.ide.mcu.externaltools.gnu-tools-for-stm32.13.3.rel1.win32_1.0.0.202411081344/tools/bin/../lib/gcc/arm-none-eabi/13.3.1/thumb/v7-m/nofp/crtn.o
                0x20005000                        _estack = (ORIGIN (RAM) + LENGTH (RAM))
                0x00000200                        _Min_Heap_Size = 0x200
                0x00000400                        _Min_Stack_Size = 0x400

.isr_vector     0x08000000      0x10c
                0x08000000                        . = ALIGN (0x4)
 *(.isr_vector)
 .isr_vector    0x08000000      0x10c ./Core/Startup/startup_stm32f103c8tx.o
                0x08000000                g_pfnVectors
                0x0800010c                        . = ALIGN (0x4)

.text           0x08000110     0x4a20
                0x08000110                        . = ALIGN (0x4)
 *(.text)
 .text          0x08000110       0x40 D:/Program Files/STM32CubeIDE_1.19.0/STM32CubeIDE/plugins/com.st.stm32cube.ide.mcu.externaltools.gnu-tools-for-stm32.13.3.rel1.win32_1.0.0.202411081344/tools/bin/../lib/gcc/arm-none-eabi/13.3.1/thumb/v7-m/nofp/crtbegin.o
 .text          0x08000150      0x168 D:/Program Files/STM32CubeIDE_1.19.0/STM32CubeIDE/plugins/com.st.stm32cube.ide.mcu.externaltools.gnu-tools-for-stm32.13.3.rel1.win32_1.0.0.202411081344/tools/bin/../lib/gcc/arm-none-eabi/13.3.1/thumb/v7-m/nofp\libgcc.a(_arm_mulsf3.o)
                0x08000150                __aeabi_fmul
                0x08000150                __mulsf3
 .text          0x080002b8      0x21c D:/Program Files/STM32CubeIDE_1.19.0/STM32CubeIDE/plugins/com.st.stm32cube.ide.mcu.externaltools.gnu-tools-for-stm32.13.3.rel1.win32_1.0.0.202411081344/tools/bin/../lib/gcc/arm-none-eabi/13.3.1/thumb/v7-m/nofp\libgcc.a(_arm_addsubsf3.o)
                0x080002b8                __aeabi_frsub
                0x080002c0                __subsf3
                0x080002c0                __aeabi_fsub
                0x080002c4                __aeabi_fadd
                0x080002c4                __addsf3
                0x08000424                __aeabi_ui2f
                0x08000424                __floatunsisf
                0x0800042c                __aeabi_i2f
                0x0800042c                __floatsisf
                0x08000448                __aeabi_ul2f
                0x08000448                __floatundisf
                0x08000458                __aeabi_l2f
                0x08000458                __floatdisf
 .text          0x080004d4       0xec D:/Program Files/STM32CubeIDE_1.19.0/STM32CubeIDE/plugins/com.st.stm32cube.ide.mcu.externaltools.gnu-tools-for-stm32.13.3.rel1.win32_1.0.0.202411081344/tools/bin/../lib/gcc/arm-none-eabi/13.3.1/thumb/v7-m/nofp\libgcc.a(_arm_cmpsf2.o)
                0x080004d4                __gesf2
                0x080004d4                __gtsf2
                0x080004dc                __lesf2
                0x080004dc                __ltsf2
                0x080004e4                __nesf2
                0x080004e4                __eqsf2
                0x080004e4                __cmpsf2
                0x08000544                __aeabi_cfrcmple
                0x0800054c                __aeabi_cfcmpeq
                0x0800054c                __aeabi_cfcmple
                0x0800055c                __aeabi_fcmpeq
                0x08000570                __aeabi_fcmplt
                0x08000584                __aeabi_fcmple
                0x08000598                __aeabi_fcmpge
                0x080005ac                __aeabi_fcmpgt
 *(.text*)
 .text.MX_CAN_Init
                0x080005c0       0x6c ./Core/Src/can.o
                0x080005c0                MX_CAN_Init
 .text.HAL_CAN_MspInit
                0x0800062c       0x98 ./Core/Src/can.o
                0x0800062c                HAL_CAN_MspInit
 .text.MX_GPIO_Init
                0x080006c4       0x88 ./Core/Src/gpio.o
                0x080006c4                MX_GPIO_Init
 .text.main     0x0800074c       0x50 ./Core/Src/main.o
                0x0800074c                main
 .text.SystemClock_Config
                0x0800079c       0x8a ./Core/Src/main.o
                0x0800079c                SystemClock_Config
 *fill*         0x08000826        0x2 
 .text.HAL_TIM_PeriodElapsedCallback
                0x08000828       0x24 ./Core/Src/main.o
                0x08000828                HAL_TIM_PeriodElapsedCallback
 .text.Error_Handler
                0x0800084c        0xc ./Core/Src/main.o
                0x0800084c                Error_Handler
 .text.HAL_MspInit
                0x08000858       0x64 ./Core/Src/stm32f1xx_hal_msp.o
                0x08000858                HAL_MspInit
 .text.HAL_InitTick
                0x080008bc       0xfc ./Core/Src/stm32f1xx_hal_timebase_tim.o
                0x080008bc                HAL_InitTick
 .text.NMI_Handler
                0x080009b8        0x8 ./Core/Src/stm32f1xx_it.o
                0x080009b8                NMI_Handler
 .text.HardFault_Handler
                0x080009c0        0x8 ./Core/Src/stm32f1xx_it.o
                0x080009c0                HardFault_Handler
 .text.MemManage_Handler
                0x080009c8        0x8 ./Core/Src/stm32f1xx_it.o
                0x080009c8                MemManage_Handler
 .text.BusFault_Handler
                0x080009d0        0x8 ./Core/Src/stm32f1xx_it.o
                0x080009d0                BusFault_Handler
 .text.UsageFault_Handler
                0x080009d8        0x8 ./Core/Src/stm32f1xx_it.o
                0x080009d8                UsageFault_Handler
 .text.DebugMon_Handler
                0x080009e0        0xc ./Core/Src/stm32f1xx_it.o
                0x080009e0                DebugMon_Handler
 .text.TIM3_IRQHandler
                0x080009ec       0x14 ./Core/Src/stm32f1xx_it.o
                0x080009ec                TIM3_IRQHandler
 .text.SystemInit
                0x08000a00        0xc ./Core/Src/system_stm32f1xx.o
                0x08000a00                SystemInit
 .text.MX_TIM2_Init
                0x08000a0c       0x98 ./Core/Src/tim.o
                0x08000a0c                MX_TIM2_Init
 .text.HAL_TIM_Base_MspInit
                0x08000aa4       0x38 ./Core/Src/tim.o
                0x08000aa4                HAL_TIM_Base_MspInit
 .text.Reset_Handler
                0x08000adc       0x48 ./Core/Startup/startup_stm32f103c8tx.o
                0x08000adc                Reset_Handler
 .text.Default_Handler
                0x08000b24        0x2 ./Core/Startup/startup_stm32f103c8tx.o
                0x08000b24                RTC_Alarm_IRQHandler
                0x08000b24                EXTI2_IRQHandler
                0x08000b24                TIM1_CC_IRQHandler
                0x08000b24                PVD_IRQHandler
                0x08000b24                EXTI3_IRQHandler
                0x08000b24                EXTI0_IRQHandler
                0x08000b24                I2C2_EV_IRQHandler
                0x08000b24                ADC1_2_IRQHandler
                0x08000b24                SPI1_IRQHandler
                0x08000b24                TAMPER_IRQHandler
                0x08000b24                DMA1_Channel4_IRQHandler
                0x08000b24                USART3_IRQHandler
                0x08000b24                RTC_IRQHandler
                0x08000b24                DMA1_Channel7_IRQHandler
                0x08000b24                CAN1_RX1_IRQHandler
                0x08000b24                TIM4_IRQHandler
                0x08000b24                I2C1_EV_IRQHandler
                0x08000b24                DMA1_Channel6_IRQHandler
                0x08000b24                RCC_IRQHandler
                0x08000b24                TIM1_TRG_COM_IRQHandler
                0x08000b24                DMA1_Channel1_IRQHandler
                0x08000b24                Default_Handler
                0x08000b24                EXTI15_10_IRQHandler
                0x08000b24                EXTI9_5_IRQHandler
                0x08000b24                SPI2_IRQHandler
                0x08000b24                DMA1_Channel5_IRQHandler
                0x08000b24                EXTI4_IRQHandler
                0x08000b24                USB_LP_CAN1_RX0_IRQHandler
                0x08000b24                USB_HP_CAN1_TX_IRQHandler
                0x08000b24                DMA1_Channel3_IRQHandler
                0x08000b24                TIM1_UP_IRQHandler
                0x08000b24                WWDG_IRQHandler
                0x08000b24                TIM2_IRQHandler
                0x08000b24                TIM1_BRK_IRQHandler
                0x08000b24                EXTI1_IRQHandler
                0x08000b24                USART2_IRQHandler
                0x08000b24                I2C2_ER_IRQHandler
                0x08000b24                DMA1_Channel2_IRQHandler
                0x08000b24                CAN1_SCE_IRQHandler
                0x08000b24                FLASH_IRQHandler
                0x08000b24                USART1_IRQHandler
                0x08000b24                I2C1_ER_IRQHandler
                0x08000b24                USBWakeUp_IRQHandler
 *fill*         0x08000b26        0x2 
 .text.HAL_Init
                0x08000b28       0x2c ./Drivers/STM32F1xx_HAL_Driver/Src/stm32f1xx_hal.o
                0x08000b28                HAL_Init
 .text.HAL_IncTick
                0x08000b54       0x24 ./Drivers/STM32F1xx_HAL_Driver/Src/stm32f1xx_hal.o
                0x08000b54                HAL_IncTick
 .text.HAL_GetTick
                0x08000b78       0x14 ./Drivers/STM32F1xx_HAL_Driver/Src/stm32f1xx_hal.o
                0x08000b78                HAL_GetTick
 .text.HAL_CAN_Init
                0x08000b8c      0x1f6 ./Drivers/STM32F1xx_HAL_Driver/Src/stm32f1xx_hal_can.o
                0x08000b8c                HAL_CAN_Init
 .text.HAL_CAN_AddTxMessage
                0x08000d82      0x19e ./Drivers/STM32F1xx_HAL_Driver/Src/stm32f1xx_hal_can.o
                0x08000d82                HAL_CAN_AddTxMessage
 .text.HAL_CAN_GetTxMailboxesFreeLevel
                0x08000f20       0x68 ./Drivers/STM32F1xx_HAL_Driver/Src/stm32f1xx_hal_can.o
                0x08000f20                HAL_CAN_GetTxMailboxesFreeLevel
 .text.__NVIC_SetPriorityGrouping
                0x08000f88       0x48 ./Drivers/STM32F1xx_HAL_Driver/Src/stm32f1xx_hal_cortex.o
 .text.__NVIC_GetPriorityGrouping
                0x08000fd0       0x1c ./Drivers/STM32F1xx_HAL_Driver/Src/stm32f1xx_hal_cortex.o
 .text.__NVIC_EnableIRQ
                0x08000fec       0x38 ./Drivers/STM32F1xx_HAL_Driver/Src/stm32f1xx_hal_cortex.o
 .text.__NVIC_SetPriority
                0x08001024       0x54 ./Drivers/STM32F1xx_HAL_Driver/Src/stm32f1xx_hal_cortex.o
 .text.NVIC_EncodePriority
                0x08001078       0x64 ./Drivers/STM32F1xx_HAL_Driver/Src/stm32f1xx_hal_cortex.o
 .text.HAL_NVIC_SetPriorityGrouping
                0x080010dc       0x16 ./Drivers/STM32F1xx_HAL_Driver/Src/stm32f1xx_hal_cortex.o
                0x080010dc                HAL_NVIC_SetPriorityGrouping
 .text.HAL_NVIC_SetPriority
                0x080010f2       0x38 ./Drivers/STM32F1xx_HAL_Driver/Src/stm32f1xx_hal_cortex.o
                0x080010f2                HAL_NVIC_SetPriority
 .text.HAL_NVIC_EnableIRQ
                0x0800112a       0x1c ./Drivers/STM32F1xx_HAL_Driver/Src/stm32f1xx_hal_cortex.o
                0x0800112a                HAL_NVIC_EnableIRQ
 *fill*         0x08001146        0x2 
 .text.HAL_GPIO_Init
                0x08001148      0x308 ./Drivers/STM32F1xx_HAL_Driver/Src/stm32f1xx_hal_gpio.o
                0x08001148                HAL_GPIO_Init
 .text.HAL_RCC_OscConfig
                0x08001450      0x504 ./Drivers/STM32F1xx_HAL_Driver/Src/stm32f1xx_hal_rcc.o
                0x08001450                HAL_RCC_OscConfig
 .text.HAL_RCC_ClockConfig
                0x08001954      0x1d4 ./Drivers/STM32F1xx_HAL_Driver/Src/stm32f1xx_hal_rcc.o
                0x08001954                HAL_RCC_ClockConfig
 .text.HAL_RCC_GetSysClockFreq
                0x08001b28       0xa8 ./Drivers/STM32F1xx_HAL_Driver/Src/stm32f1xx_hal_rcc.o
                0x08001b28                HAL_RCC_GetSysClockFreq
 .text.HAL_RCC_GetHCLKFreq
                0x08001bd0       0x14 ./Drivers/STM32F1xx_HAL_Driver/Src/stm32f1xx_hal_rcc.o
                0x08001bd0                HAL_RCC_GetHCLKFreq
 .text.HAL_RCC_GetPCLK1Freq
                0x08001be4       0x28 ./Drivers/STM32F1xx_HAL_Driver/Src/stm32f1xx_hal_rcc.o
                0x08001be4                HAL_RCC_GetPCLK1Freq
 .text.HAL_RCC_GetClockConfig
                0x08001c0c       0x60 ./Drivers/STM32F1xx_HAL_Driver/Src/stm32f1xx_hal_rcc.o
                0x08001c0c                HAL_RCC_GetClockConfig
 .text.RCC_Delay
                0x08001c6c       0x3c ./Drivers/STM32F1xx_HAL_Driver/Src/stm32f1xx_hal_rcc.o
 .text.HAL_TIM_Base_Init
                0x08001ca8       0x9e ./Drivers/STM32F1xx_HAL_Driver/Src/stm32f1xx_hal_tim.o
                0x08001ca8                HAL_TIM_Base_Init
 *fill*         0x08001d46        0x2 
 .text.HAL_TIM_Base_Start
                0x08001d48       0x94 ./Drivers/STM32F1xx_HAL_Driver/Src/stm32f1xx_hal_tim.o
                0x08001d48                HAL_TIM_Base_Start
 .text.HAL_TIM_Base_Start_IT
                0x08001ddc       0xa4 ./Drivers/STM32F1xx_HAL_Driver/Src/stm32f1xx_hal_tim.o
                0x08001ddc                HAL_TIM_Base_Start_IT
 .text.HAL_TIM_IRQHandler
                0x08001e80      0x1e0 ./Drivers/STM32F1xx_HAL_Driver/Src/stm32f1xx_hal_tim.o
                0x08001e80                HAL_TIM_IRQHandler
 .text.HAL_TIM_ConfigClockSource
                0x08002060      0x18e ./Drivers/STM32F1xx_HAL_Driver/Src/stm32f1xx_hal_tim.o
                0x08002060                HAL_TIM_ConfigClockSource
 .text.HAL_TIM_OC_DelayElapsedCallback
                0x080021ee       0x12 ./Drivers/STM32F1xx_HAL_Driver/Src/stm32f1xx_hal_tim.o
                0x080021ee                HAL_TIM_OC_DelayElapsedCallback
 .text.HAL_TIM_IC_CaptureCallback
                0x08002200       0x12 ./Drivers/STM32F1xx_HAL_Driver/Src/stm32f1xx_hal_tim.o
                0x08002200                HAL_TIM_IC_CaptureCallback
 .text.HAL_TIM_PWM_PulseFinishedCallback
                0x08002212       0x12 ./Drivers/STM32F1xx_HAL_Driver/Src/stm32f1xx_hal_tim.o
                0x08002212                HAL_TIM_PWM_PulseFinishedCallback
 .text.HAL_TIM_TriggerCallback
                0x08002224       0x12 ./Drivers/STM32F1xx_HAL_Driver/Src/stm32f1xx_hal_tim.o
                0x08002224                HAL_TIM_TriggerCallback
 *fill*         0x08002236        0x2 
 .text.TIM_Base_SetConfig
                0x08002238       0xdc ./Drivers/STM32F1xx_HAL_Driver/Src/stm32f1xx_hal_tim.o
                0x08002238                TIM_Base_SetConfig
 .text.TIM_TI1_ConfigInputStage
                0x08002314       0x5c ./Drivers/STM32F1xx_HAL_Driver/Src/stm32f1xx_hal_tim.o
 .text.TIM_TI2_ConfigInputStage
                0x08002370       0x5e ./Drivers/STM32F1xx_HAL_Driver/Src/stm32f1xx_hal_tim.o
 .text.TIM_ITRx_SetConfig
                0x080023ce       0x34 ./Drivers/STM32F1xx_HAL_Driver/Src/stm32f1xx_hal_tim.o
 .text.TIM_ETR_SetConfig
                0x08002402       0x3e ./Drivers/STM32F1xx_HAL_Driver/Src/stm32f1xx_hal_tim.o
                0x08002402                TIM_ETR_SetConfig
 .text.HAL_TIMEx_MasterConfigSynchronization
                0x08002440       0xbc ./Drivers/STM32F1xx_HAL_Driver/Src/stm32f1xx_hal_tim_ex.o
                0x08002440                HAL_TIMEx_MasterConfigSynchronization
 .text.HAL_TIMEx_CommutCallback
                0x080024fc       0x12 ./Drivers/STM32F1xx_HAL_Driver/Src/stm32f1xx_hal_tim_ex.o
                0x080024fc                HAL_TIMEx_CommutCallback
 .text.HAL_TIMEx_BreakCallback
                0x0800250e       0x12 ./Drivers/STM32F1xx_HAL_Driver/Src/stm32f1xx_hal_tim_ex.o
                0x0800250e                HAL_TIMEx_BreakCallback
 .text.Encoder_DelayUs
                0x08002520       0x30 ./Encoder/Src/Encoder.o
                0x08002520                Encoder_DelayUs
 .text.Encoder_GetRawBits
                0x08002550       0x48 ./Encoder/Src/Encoder.o
                0x08002550                Encoder_GetRawBits
 .text.Encoder_GetRawReadings
                0x08002598       0x4e ./Encoder/Src/Encoder.o
                0x08002598                Encoder_GetRawReadings
 .text.Encoder_GrayToBinary
                0x080025e6       0x50 ./Encoder/Src/Encoder.o
                0x080025e6                Encoder_GrayToBinary
 .text.Encoder_ConvertRAW
                0x08002636       0x5c ./Encoder/Src/Encoder.o
                0x08002636                Encoder_ConvertRAW
 *fill*         0x08002692        0x2 
 .text.Encoder_GetAngleInDegree
                0x08002694       0xa4 ./Encoder/Src/Encoder.o
                0x08002694                Encoder_GetAngleInDegree
 .text.Encoder_SendCAN
                0x08002738       0xa8 ./Encoder/Src/Encoder.o
                0x08002738                Encoder_SendCAN
 .text.Encoder_Task
                0x080027e0       0x58 ./Encoder/Src/Encoder.o
                0x080027e0                Encoder_Task
 .text.vListInitialise
                0x08002838       0x3e ./FreeRTOS/Source/list.o
                0x08002838                vListInitialise
 .text.vListInitialiseItem
                0x08002876       0x18 ./FreeRTOS/Source/list.o
                0x08002876                vListInitialiseItem
 .text.vListInsert
                0x0800288e       0x70 ./FreeRTOS/Source/list.o
                0x0800288e                vListInsert
 .text.uxListRemove
                0x080028fe       0x52 ./FreeRTOS/Source/list.o
                0x080028fe                uxListRemove
 .text.xQueueGenericReset
                0x08002950      0x124 ./FreeRTOS/Source/queue.o
                0x08002950                xQueueGenericReset
 .text.xQueueGenericCreate
                0x08002a74       0x9e ./FreeRTOS/Source/queue.o
                0x08002a74                xQueueGenericCreate
 .text.prvInitialiseNewQueue
                0x08002b12       0x3e ./FreeRTOS/Source/queue.o
 .text.xQueueReceive
                0x08002b50      0x1c4 ./FreeRTOS/Source/queue.o
                0x08002b50                xQueueReceive
 .text.prvCopyDataFromQueue
                0x08002d14       0x4c ./FreeRTOS/Source/queue.o
 .text.prvUnlockQueue
                0x08002d60       0xa4 ./FreeRTOS/Source/queue.o
 .text.prvIsQueueEmpty
                0x08002e04       0x2c ./FreeRTOS/Source/queue.o
 .text.vQueueAddToRegistry
                0x08002e30       0x9c ./FreeRTOS/Source/queue.o
                0x08002e30                vQueueAddToRegistry
 .text.vQueueWaitForMessageRestricted
                0x08002ecc       0x68 ./FreeRTOS/Source/queue.o
                0x08002ecc                vQueueWaitForMessageRestricted
 .text.xTaskCreate
                0x08002f34       0x8c ./FreeRTOS/Source/tasks.o
                0x08002f34                xTaskCreate
 .text.prvInitialiseNewTask
                0x08002fc0      0x110 ./FreeRTOS/Source/tasks.o
 .text.prvAddNewTaskToReadyList
                0x080030d0      0x124 ./FreeRTOS/Source/tasks.o
 .text.vTaskDelay
                0x080031f4       0x6c ./FreeRTOS/Source/tasks.o
                0x080031f4                vTaskDelay
 .text.vTaskStartScheduler
                0x08003260       0xa4 ./FreeRTOS/Source/tasks.o
                0x08003260                vTaskStartScheduler
 .text.vTaskSuspendAll
                0x08003304       0x1c ./FreeRTOS/Source/tasks.o
                0x08003304                vTaskSuspendAll
 .text.xTaskResumeAll
                0x08003320      0x1f8 ./FreeRTOS/Source/tasks.o
                0x08003320                xTaskResumeAll
 .text.xTaskGetTickCount
                0x08003518       0x1c ./FreeRTOS/Source/tasks.o
                0x08003518                xTaskGetTickCount
 .text.xTaskIncrementTick
                0x08003534      0x230 ./FreeRTOS/Source/tasks.o
                0x08003534                xTaskIncrementTick
 .text.vTaskSwitchContext
                0x08003764       0xb8 ./FreeRTOS/Source/tasks.o
                0x08003764                vTaskSwitchContext
 .text.vTaskPlaceOnEventList
                0x0800381c       0x4c ./FreeRTOS/Source/tasks.o
                0x0800381c                vTaskPlaceOnEventList
 .text.vTaskPlaceOnEventListRestricted
                0x08003868       0x8c ./FreeRTOS/Source/tasks.o
                0x08003868                vTaskPlaceOnEventListRestricted
 .text.xTaskRemoveFromEventList
                0x080038f4      0x1ac ./FreeRTOS/Source/tasks.o
                0x080038f4                xTaskRemoveFromEventList
 .text.vTaskInternalSetTimeOutState
                0x08003aa0       0x2c ./FreeRTOS/Source/tasks.o
                0x08003aa0                vTaskInternalSetTimeOutState
 .text.xTaskCheckForTimeOut
                0x08003acc       0xd0 ./FreeRTOS/Source/tasks.o
                0x08003acc                xTaskCheckForTimeOut
 .text.vTaskMissedYield
                0x08003b9c       0x18 ./FreeRTOS/Source/tasks.o
                0x08003b9c                vTaskMissedYield
 .text.prvIdleTask
                0x08003bb4       0x30 ./FreeRTOS/Source/tasks.o
 .text.prvInitialiseTaskLists
                0x08003be4       0x80 ./FreeRTOS/Source/tasks.o
 .text.prvCheckTasksWaitingTermination
                0x08003c64       0x5c ./FreeRTOS/Source/tasks.o
 .text.prvDeleteTCB
                0x08003cc0       0x20 ./FreeRTOS/Source/tasks.o
 .text.prvResetNextTaskUnblockTime
                0x08003ce0       0x34 ./FreeRTOS/Source/tasks.o
 .text.xTaskGetSchedulerState
                0x08003d14       0x3c ./FreeRTOS/Source/tasks.o
                0x08003d14                xTaskGetSchedulerState
 .text.prvAddCurrentTaskToDelayedList
                0x08003d50      0x100 ./FreeRTOS/Source/tasks.o
 .text.xTimerCreateTimerTask
                0x08003e50       0x68 ./FreeRTOS/Source/timers.o
                0x08003e50                xTimerCreateTimerTask
 .text.prvReloadTimer
                0x08003eb8       0x42 ./FreeRTOS/Source/timers.o
 *fill*         0x08003efa        0x2 
 .text.prvProcessExpiredTimer
                0x08003efc       0x60 ./FreeRTOS/Source/timers.o
 .text.prvTimerTask
                0x08003f5c       0x26 ./FreeRTOS/Source/timers.o
 *fill*         0x08003f82        0x2 
 .text.prvProcessTimerOrBlockTask
                0x08003f84       0x9c ./FreeRTOS/Source/timers.o
 .text.prvGetNextExpireTime
                0x08004020       0x44 ./FreeRTOS/Source/timers.o
 .text.prvSampleTimeNow
                0x08004064       0x40 ./FreeRTOS/Source/timers.o
 .text.prvInsertTimerInActiveList
                0x080040a4       0x84 ./FreeRTOS/Source/timers.o
 .text.prvProcessReceivedCommands
                0x08004128      0x1bc ./FreeRTOS/Source/timers.o
 .text.prvSwitchTimerLists
                0x080042e4       0x4c ./FreeRTOS/Source/timers.o
 .text.prvCheckForValidListAndQueue
                0x08004330       0x6c ./FreeRTOS/Source/timers.o
 .text.pxPortInitialiseStack
                0x0800439c       0x58 ./FreeRTOS/Source/portable/GCC/ARM_CM3/port.o
                0x0800439c                pxPortInitialiseStack
 .text.prvTaskExitError
                0x080043f4       0x58 ./FreeRTOS/Source/portable/GCC/ARM_CM3/port.o
 *fill*         0x0800444c        0x4 
 .text.SVC_Handler
                0x08004450       0x28 ./FreeRTOS/Source/portable/GCC/ARM_CM3/port.o
                0x08004450                SVC_Handler
 .text.prvPortStartFirstTask
                0x08004478       0x24 ./FreeRTOS/Source/portable/GCC/ARM_CM3/port.o
 .text.xPortStartScheduler
                0x0800449c       0xe4 ./FreeRTOS/Source/portable/GCC/ARM_CM3/port.o
                0x0800449c                xPortStartScheduler
 .text.vPortEnterCritical
                0x08004580       0x60 ./FreeRTOS/Source/portable/GCC/ARM_CM3/port.o
                0x08004580                vPortEnterCritical
 .text.vPortExitCritical
                0x080045e0       0x54 ./FreeRTOS/Source/portable/GCC/ARM_CM3/port.o
                0x080045e0                vPortExitCritical
 *fill*         0x08004634        0xc 
 .text.PendSV_Handler
                0x08004640       0x48 ./FreeRTOS/Source/portable/GCC/ARM_CM3/port.o
                0x08004640                PendSV_Handler
 .text.SysTick_Handler
                0x08004688       0x44 ./FreeRTOS/Source/portable/GCC/ARM_CM3/port.o
                0x08004688                SysTick_Handler
 .text.vPortSetupTimerInterrupt
                0x080046cc       0x44 ./FreeRTOS/Source/portable/GCC/ARM_CM3/port.o
                0x080046cc                vPortSetupTimerInterrupt
 .text.pvPortMalloc
                0x08004710      0x178 ./FreeRTOS/Source/portable/MemMang/heap_4.o
                0x08004710                pvPortMalloc
 .text.vPortFree
                0x08004888       0xb4 ./FreeRTOS/Source/portable/MemMang/heap_4.o
                0x08004888                vPortFree
 .text.prvHeapInit
                0x0800493c       0xb8 ./FreeRTOS/Source/portable/MemMang/heap_4.o
 .text.prvInsertBlockIntoFreeList
                0x080049f4       0xb0 ./FreeRTOS/Source/portable/MemMang/heap_4.o
 .text.memset   0x08004aa4       0x10 D:/Program Files/STM32CubeIDE_1.19.0/STM32CubeIDE/plugins/com.st.stm32cube.ide.mcu.externaltools.gnu-tools-for-stm32.13.3.rel1.win32_1.0.0.202411081344/tools/bin/../lib/gcc/arm-none-eabi/13.3.1/../../../../arm-none-eabi/lib/thumb/v7-m/nofp\libc_nano.a(libc_a-memset.o)
                0x08004aa4                memset
 .text.__libc_init_array
                0x08004ab4       0x48 D:/Program Files/STM32CubeIDE_1.19.0/STM32CubeIDE/plugins/com.st.stm32cube.ide.mcu.externaltools.gnu-tools-for-stm32.13.3.rel1.win32_1.0.0.202411081344/tools/bin/../lib/gcc/arm-none-eabi/13.3.1/../../../../arm-none-eabi/lib/thumb/v7-m/nofp\libc_nano.a(libc_a-init.o)
                0x08004ab4                __libc_init_array
 .text.memcpy   0x08004afc       0x1c D:/Program Files/STM32CubeIDE_1.19.0/STM32CubeIDE/plugins/com.st.stm32cube.ide.mcu.externaltools.gnu-tools-for-stm32.13.3.rel1.win32_1.0.0.202411081344/tools/bin/../lib/gcc/arm-none-eabi/13.3.1/../../../../arm-none-eabi/lib/thumb/v7-m/nofp\libc_nano.a(libc_a-memcpy-stub.o)
                0x08004afc                memcpy
 *(.glue_7)
 .glue_7        0x08004b18        0x0 linker stubs
 *(.glue_7t)
 .glue_7t       0x08004b18        0x0 linker stubs
 *(.eh_frame)
 .eh_frame      0x08004b18        0x0 D:/Program Files/STM32CubeIDE_1.19.0/STM32CubeIDE/plugins/com.st.stm32cube.ide.mcu.externaltools.gnu-tools-for-stm32.13.3.rel1.win32_1.0.0.202411081344/tools/bin/../lib/gcc/arm-none-eabi/13.3.1/thumb/v7-m/nofp/crtbegin.o
 *(.init)
 .init          0x08004b18        0x4 D:/Program Files/STM32CubeIDE_1.19.0/STM32CubeIDE/plugins/com.st.stm32cube.ide.mcu.externaltools.gnu-tools-for-stm32.13.3.rel1.win32_1.0.0.202411081344/tools/bin/../lib/gcc/arm-none-eabi/13.3.1/thumb/v7-m/nofp/crti.o
                0x08004b18                _init
 .init          0x08004b1c        0x8 D:/Program Files/STM32CubeIDE_1.19.0/STM32CubeIDE/plugins/com.st.stm32cube.ide.mcu.externaltools.gnu-tools-for-stm32.13.3.rel1.win32_1.0.0.202411081344/tools/bin/../lib/gcc/arm-none-eabi/13.3.1/thumb/v7-m/nofp/crtn.o
 *(.fini)
 .fini          0x08004b24        0x4 D:/Program Files/STM32CubeIDE_1.19.0/STM32CubeIDE/plugins/com.st.stm32cube.ide.mcu.externaltools.gnu-tools-for-stm32.13.3.rel1.win32_1.0.0.202411081344/tools/bin/../lib/gcc/arm-none-eabi/13.3.1/thumb/v7-m/nofp/crti.o
                0x08004b24                _fini
 .fini          0x08004b28        0x8 D:/Program Files/STM32CubeIDE_1.19.0/STM32CubeIDE/plugins/com.st.stm32cube.ide.mcu.externaltools.gnu-tools-for-stm32.13.3.rel1.win32_1.0.0.202411081344/tools/bin/../lib/gcc/arm-none-eabi/13.3.1/thumb/v7-m/nofp/crtn.o
                0x08004b30                        . = ALIGN (0x4)
                0x08004b30                        _etext = .

.vfp11_veneer   0x08004b30        0x0
 .vfp11_veneer  0x08004b30        0x0 linker stubs

.v4_bx          0x08004b30        0x0
 .v4_bx         0x08004b30        0x0 linker stubs

.iplt           0x08004b30        0x0
 .iplt          0x08004b30        0x0 D:/Program Files/STM32CubeIDE_1.19.0/STM32CubeIDE/plugins/com.st.stm32cube.ide.mcu.externaltools.gnu-tools-for-stm32.13.3.rel1.win32_1.0.0.202411081344/tools/bin/../lib/gcc/arm-none-eabi/13.3.1/thumb/v7-m/nofp/crtbegin.o

.rodata         0x08004b30       0x5c
                0x08004b30                        . = ALIGN (0x4)
 *(.rodata)
 .rodata        0x08004b30       0x12 ./Core/Src/main.o
 *fill*         0x08004b42        0x2 
 .rodata        0x08004b44        0x5 ./FreeRTOS/Source/tasks.o
 *fill*         0x08004b49        0x3 
 .rodata        0x08004b4c        0xd ./FreeRTOS/Source/timers.o
 *(.rodata*)
 *fill*         0x08004b59        0x3 
 .rodata.AHBPrescTable
                0x08004b5c       0x10 ./Core/Src/system_stm32f1xx.o
                0x08004b5c                AHBPrescTable
 .rodata.APBPrescTable
                0x08004b6c        0x8 ./Core/Src/system_stm32f1xx.o
                0x08004b6c                APBPrescTable
 .rodata.aPLLMULFactorTable.1
                0x08004b74       0x10 ./Drivers/STM32F1xx_HAL_Driver/Src/stm32f1xx_hal_rcc.o
 .rodata.aPredivFactorTable.0
                0x08004b84        0x2 ./Drivers/STM32F1xx_HAL_Driver/Src/stm32f1xx_hal_rcc.o
 *fill*         0x08004b86        0x2 
 .rodata.uxTopUsedPriority
                0x08004b88        0x4 ./FreeRTOS/Source/tasks.o
                0x08004b88                uxTopUsedPriority
                0x08004b8c                        . = ALIGN (0x4)

.ARM.extab      0x08004b8c        0x0
                0x08004b8c                        . = ALIGN (0x4)
 *(.ARM.extab* .gnu.linkonce.armextab.*)
                0x08004b8c                        . = ALIGN (0x4)

.ARM            0x08004b8c        0x0
                0x08004b8c                        . = ALIGN (0x4)
                0x08004b8c                        __exidx_start = .
 *(.ARM.exidx*)
                0x08004b8c                        __exidx_end = .
                0x08004b8c                        . = ALIGN (0x4)

.preinit_array  0x08004b8c        0x0
                0x08004b8c                        . = ALIGN (0x4)
                0x08004b8c                        PROVIDE (__preinit_array_start = .)
 *(.preinit_array*)
                0x08004b8c                        PROVIDE (__preinit_array_end = .)
                0x08004b8c                        . = ALIGN (0x4)

.init_array     0x08004b8c        0x4
                0x08004b8c                        . = ALIGN (0x4)
                0x08004b8c                        PROVIDE (__init_array_start = .)
 *(SORT_BY_NAME(.init_array.*))
 *(.init_array*)
 .init_array    0x08004b8c        0x4 D:/Program Files/STM32CubeIDE_1.19.0/STM32CubeIDE/plugins/com.st.stm32cube.ide.mcu.externaltools.gnu-tools-for-stm32.13.3.rel1.win32_1.0.0.202411081344/tools/bin/../lib/gcc/arm-none-eabi/13.3.1/thumb/v7-m/nofp/crtbegin.o
                0x08004b90                        PROVIDE (__init_array_end = .)
                0x08004b90                        . = ALIGN (0x4)

.fini_array     0x08004b90        0x4
                0x08004b90                        . = ALIGN (0x4)
                [!provide]                        PROVIDE (__fini_array_start = .)
 *(SORT_BY_NAME(.fini_array.*))
 *(.fini_array*)
 .fini_array    0x08004b90        0x4 D:/Program Files/STM32CubeIDE_1.19.0/STM32CubeIDE/plugins/com.st.stm32cube.ide.mcu.externaltools.gnu-tools-for-stm32.13.3.rel1.win32_1.0.0.202411081344/tools/bin/../lib/gcc/arm-none-eabi/13.3.1/thumb/v7-m/nofp/crtbegin.o
                [!provide]                        PROVIDE (__fini_array_end = .)
                0x08004b94                        . = ALIGN (0x4)
                0x08004b94                        _sidata = LOADADDR (.data)

.rel.dyn        0x08004b94        0x0
 .rel.iplt      0x08004b94        0x0 D:/Program Files/STM32CubeIDE_1.19.0/STM32CubeIDE/plugins/com.st.stm32cube.ide.mcu.externaltools.gnu-tools-for-stm32.13.3.rel1.win32_1.0.0.202411081344/tools/bin/../lib/gcc/arm-none-eabi/13.3.1/thumb/v7-m/nofp/crtbegin.o

.data           0x20000000       0x10 load address 0x08004b94
                0x20000000                        . = ALIGN (0x4)
                0x20000000                        _sdata = .
 *(.data)
 *(.data*)
 .data.SystemCoreClock
                0x20000000        0x4 ./Core/Src/system_stm32f1xx.o
                0x20000000                SystemCoreClock
 .data.uwTickPrio
                0x20000004        0x4 ./Drivers/STM32F1xx_HAL_Driver/Src/stm32f1xx_hal.o
                0x20000004                uwTickPrio
 .data.uwTickFreq
                0x20000008        0x1 ./Drivers/STM32F1xx_HAL_Driver/Src/stm32f1xx_hal.o
                0x20000008                uwTickFreq
 .data.angle_is_valid
                0x20000009        0x1 ./Encoder/Src/Encoder.o
                0x20000009                angle_is_valid
 *fill*         0x2000000a        0x2 
 .data.uxCriticalNesting
                0x2000000c        0x4 ./FreeRTOS/Source/portable/GCC/ARM_CM3/port.o
 *(.RamFunc)
 *(.RamFunc*)
                0x20000010                        . = ALIGN (0x4)
                0x20000010                        _edata = .

.igot.plt       0x20000010        0x0 load address 0x08004ba4
 .igot.plt      0x20000010        0x0 D:/Program Files/STM32CubeIDE_1.19.0/STM32CubeIDE/plugins/com.st.stm32cube.ide.mcu.externaltools.gnu-tools-for-stm32.13.3.rel1.win32_1.0.0.202411081344/tools/bin/../lib/gcc/arm-none-eabi/13.3.1/thumb/v7-m/nofp/crtbegin.o
                0x20000010                        . = ALIGN (0x4)

.bss            0x20000010     0x4790 load address 0x08004ba4
                0x20000010                        _sbss = .
                0x20000010                        __bss_start__ = _sbss
 *(.bss)
 .bss           0x20000010       0x1c D:/Program Files/STM32CubeIDE_1.19.0/STM32CubeIDE/plugins/com.st.stm32cube.ide.mcu.externaltools.gnu-tools-for-stm32.13.3.rel1.win32_1.0.0.202411081344/tools/bin/../lib/gcc/arm-none-eabi/13.3.1/thumb/v7-m/nofp/crtbegin.o
 *(.bss*)
 .bss.hcan      0x2000002c       0x28 ./Core/Src/can.o
                0x2000002c                hcan
 .bss.Encoder_main_task
                0x20000054        0x4 ./Core/Src/main.o
                0x20000054                Encoder_main_task
 .bss.htim3     0x20000058       0x48 ./Core/Src/stm32f1xx_hal_timebase_tim.o
                0x20000058                htim3
 .bss.htim2     0x200000a0       0x48 ./Core/Src/tim.o
                0x200000a0                htim2
 .bss.uwTick    0x200000e8        0x4 ./Drivers/STM32F1xx_HAL_Driver/Src/stm32f1xx_hal.o
                0x200000e8                uwTick
 .bss.txHeader  0x200000ec       0x18 ./Encoder/Src/Encoder.o
                0x200000ec                txHeader
 .bss.txMailbox
                0x20000104        0x4 ./Encoder/Src/Encoder.o
                0x20000104                txMailbox
 .bss.gray_raw_reading
                0x20000108        0x2 ./Encoder/Src/Encoder.o
                0x20000108                gray_raw_reading
 .bss.binary_reading
                0x2000010a        0x2 ./Encoder/Src/Encoder.o
                0x2000010a                binary_reading
 .bss.angle_degree
                0x2000010c        0x4 ./Encoder/Src/Encoder.o
                0x2000010c                angle_degree
 .bss.life_counter.0
                0x20000110        0x1 ./Encoder/Src/Encoder.o
 *fill*         0x20000111        0x3 
 .bss.xQueueRegistry
                0x20000114      0x100 ./FreeRTOS/Source/queue.o
                0x20000114                xQueueRegistry
 .bss.pxCurrentTCB
                0x20000214        0x4 ./FreeRTOS/Source/tasks.o
                0x20000214                pxCurrentTCB
 .bss.pxReadyTasksLists
                0x20000218       0x8c ./FreeRTOS/Source/tasks.o
 .bss.xDelayedTaskList1
                0x200002a4       0x14 ./FreeRTOS/Source/tasks.o
 .bss.xDelayedTaskList2
                0x200002b8       0x14 ./FreeRTOS/Source/tasks.o
 .bss.pxDelayedTaskList
                0x200002cc        0x4 ./FreeRTOS/Source/tasks.o
 .bss.pxOverflowDelayedTaskList
                0x200002d0        0x4 ./FreeRTOS/Source/tasks.o
 .bss.xPendingReadyList
                0x200002d4       0x14 ./FreeRTOS/Source/tasks.o
 .bss.xTasksWaitingTermination
                0x200002e8       0x14 ./FreeRTOS/Source/tasks.o
 .bss.uxDeletedTasksWaitingCleanUp
                0x200002fc        0x4 ./FreeRTOS/Source/tasks.o
 .bss.xSuspendedTaskList
                0x20000300       0x14 ./FreeRTOS/Source/tasks.o
 .bss.uxCurrentNumberOfTasks
                0x20000314        0x4 ./FreeRTOS/Source/tasks.o
 .bss.xTickCount
                0x20000318        0x4 ./FreeRTOS/Source/tasks.o
 .bss.uxTopReadyPriority
                0x2000031c        0x4 ./FreeRTOS/Source/tasks.o
 .bss.xSchedulerRunning
                0x20000320        0x4 ./FreeRTOS/Source/tasks.o
 .bss.xPendedTicks
                0x20000324        0x4 ./FreeRTOS/Source/tasks.o
 .bss.xYieldPending
                0x20000328        0x4 ./FreeRTOS/Source/tasks.o
 .bss.xNumOfOverflows
                0x2000032c        0x4 ./FreeRTOS/Source/tasks.o
 .bss.uxTaskNumber
                0x20000330        0x4 ./FreeRTOS/Source/tasks.o
 .bss.xNextTaskUnblockTime
                0x20000334        0x4 ./FreeRTOS/Source/tasks.o
 .bss.xIdleTaskHandle
                0x20000338        0x4 ./FreeRTOS/Source/tasks.o
 .bss.uxSchedulerSuspended
                0x2000033c        0x4 ./FreeRTOS/Source/tasks.o
 .bss.xActiveTimerList1
                0x20000340       0x14 ./FreeRTOS/Source/timers.o
 .bss.xActiveTimerList2
                0x20000354       0x14 ./FreeRTOS/Source/timers.o
 .bss.pxCurrentTimerList
                0x20000368        0x4 ./FreeRTOS/Source/timers.o
 .bss.pxOverflowTimerList
                0x2000036c        0x4 ./FreeRTOS/Source/timers.o
 .bss.xTimerQueue
                0x20000370        0x4 ./FreeRTOS/Source/timers.o
 .bss.xTimerTaskHandle
                0x20000374        0x4 ./FreeRTOS/Source/timers.o
 .bss.xLastTime.0
                0x20000378        0x4 ./FreeRTOS/Source/timers.o
 .bss.ucMaxSysCallPriority
                0x2000037c        0x1 ./FreeRTOS/Source/portable/GCC/ARM_CM3/port.o
 *fill*         0x2000037d        0x3 
 .bss.ulMaxPRIGROUPValue
                0x20000380        0x4 ./FreeRTOS/Source/portable/GCC/ARM_CM3/port.o
 .bss.ucHeap    0x20000384     0x4400 ./FreeRTOS/Source/portable/MemMang/heap_4.o
 .bss.xStart    0x20004784        0x8 ./FreeRTOS/Source/portable/MemMang/heap_4.o
 .bss.pxEnd     0x2000478c        0x4 ./FreeRTOS/Source/portable/MemMang/heap_4.o
 .bss.xFreeBytesRemaining
                0x20004790        0x4 ./FreeRTOS/Source/portable/MemMang/heap_4.o
 .bss.xMinimumEverFreeBytesRemaining
                0x20004794        0x4 ./FreeRTOS/Source/portable/MemMang/heap_4.o
 .bss.xNumberOfSuccessfulAllocations
                0x20004798        0x4 ./FreeRTOS/Source/portable/MemMang/heap_4.o
 .bss.xNumberOfSuccessfulFrees
                0x2000479c        0x4 ./FreeRTOS/Source/portable/MemMang/heap_4.o
 *(COMMON)
                0x200047a0                        . = ALIGN (0x4)
                0x200047a0                        _ebss = .
                0x200047a0                        __bss_end__ = _ebss

._user_heap_stack
                0x200047a0      0x600 load address 0x08004ba4
                0x200047a0                        . = ALIGN (0x8)
                [!provide]                        PROVIDE (end = .)
                0x200047a0                        PROVIDE (_end = .)
                0x200049a0                        . = (. + _Min_Heap_Size)
 *fill*         0x200047a0      0x200 
                0x20004da0                        . = (. + _Min_Stack_Size)
 *fill*         0x200049a0      0x400 
                0x20004da0                        . = ALIGN (0x8)

/DISCARD/
 libc.a(*)
 libm.a(*)
 libgcc.a(*)

.ARM.attributes
                0x00000000       0x29
 *(.ARM.attributes)
 .ARM.attributes
                0x00000000       0x1d D:/Program Files/STM32CubeIDE_1.19.0/STM32CubeIDE/plugins/com.st.stm32cube.ide.mcu.externaltools.gnu-tools-for-stm32.13.3.rel1.win32_1.0.0.202411081344/tools/bin/../lib/gcc/arm-none-eabi/13.3.1/thumb/v7-m/nofp/crti.o
 .ARM.attributes
                0x0000001d       0x2d D:/Program Files/STM32CubeIDE_1.19.0/STM32CubeIDE/plugins/com.st.stm32cube.ide.mcu.externaltools.gnu-tools-for-stm32.13.3.rel1.win32_1.0.0.202411081344/tools/bin/../lib/gcc/arm-none-eabi/13.3.1/thumb/v7-m/nofp/crtbegin.o
 .ARM.attributes
                0x0000004a       0x2d ./Core/Src/can.o
 .ARM.attributes
                0x00000077       0x2d ./Core/Src/gpio.o
 .ARM.attributes
                0x000000a4       0x2d ./Core/Src/main.o
 .ARM.attributes
                0x000000d1       0x2d ./Core/Src/stm32f1xx_hal_msp.o
 .ARM.attributes
                0x000000fe       0x2d ./Core/Src/stm32f1xx_hal_timebase_tim.o
 .ARM.attributes
                0x0000012b       0x2d ./Core/Src/stm32f1xx_it.o
 .ARM.attributes
                0x00000158       0x2d ./Core/Src/system_stm32f1xx.o
 .ARM.attributes
                0x00000185       0x2d ./Core/Src/tim.o
 .ARM.attributes
                0x000001b2       0x21 ./Core/Startup/startup_stm32f103c8tx.o
 .ARM.attributes
                0x000001d3       0x2d ./Drivers/STM32F1xx_HAL_Driver/Src/stm32f1xx_hal.o
 .ARM.attributes
                0x00000200       0x2d ./Drivers/STM32F1xx_HAL_Driver/Src/stm32f1xx_hal_can.o
 .ARM.attributes
                0x0000022d       0x2d ./Drivers/STM32F1xx_HAL_Driver/Src/stm32f1xx_hal_cortex.o
 .ARM.attributes
                0x0000025a       0x2d ./Drivers/STM32F1xx_HAL_Driver/Src/stm32f1xx_hal_gpio.o
 .ARM.attributes
                0x00000287       0x2d ./Drivers/STM32F1xx_HAL_Driver/Src/stm32f1xx_hal_rcc.o
 .ARM.attributes
                0x000002b4       0x2d ./Drivers/STM32F1xx_HAL_Driver/Src/stm32f1xx_hal_tim.o
 .ARM.attributes
                0x000002e1       0x2d ./Drivers/STM32F1xx_HAL_Driver/Src/stm32f1xx_hal_tim_ex.o
 .ARM.attributes
                0x0000030e       0x2d ./Encoder/Src/Encoder.o
 .ARM.attributes
                0x0000033b       0x2d ./FreeRTOS/Source/list.o
 .ARM.attributes
                0x00000368       0x2d ./FreeRTOS/Source/queue.o
 .ARM.attributes
                0x00000395       0x2d ./FreeRTOS/Source/tasks.o
 .ARM.attributes
                0x000003c2       0x2d ./FreeRTOS/Source/timers.o
 .ARM.attributes
                0x000003ef       0x2d ./FreeRTOS/Source/portable/GCC/ARM_CM3/port.o
 .ARM.attributes
                0x0000041c       0x2d ./FreeRTOS/Source/portable/MemMang/heap_4.o
 .ARM.attributes
                0x00000449       0x2d D:/Program Files/STM32CubeIDE_1.19.0/STM32CubeIDE/plugins/com.st.stm32cube.ide.mcu.externaltools.gnu-tools-for-stm32.13.3.rel1.win32_1.0.0.202411081344/tools/bin/../lib/gcc/arm-none-eabi/13.3.1/../../../../arm-none-eabi/lib/thumb/v7-m/nofp\libc_nano.a(libc_a-memset.o)
 .ARM.attributes
                0x00000476       0x2d D:/Program Files/STM32CubeIDE_1.19.0/STM32CubeIDE/plugins/com.st.stm32cube.ide.mcu.externaltools.gnu-tools-for-stm32.13.3.rel1.win32_1.0.0.202411081344/tools/bin/../lib/gcc/arm-none-eabi/13.3.1/../../../../arm-none-eabi/lib/thumb/v7-m/nofp\libc_nano.a(libc_a-init.o)
 .ARM.attributes
                0x000004a3       0x2d D:/Program Files/STM32CubeIDE_1.19.0/STM32CubeIDE/plugins/com.st.stm32cube.ide.mcu.externaltools.gnu-tools-for-stm32.13.3.rel1.win32_1.0.0.202411081344/tools/bin/../lib/gcc/arm-none-eabi/13.3.1/../../../../arm-none-eabi/lib/thumb/v7-m/nofp\libc_nano.a(libc_a-memcpy-stub.o)
 .ARM.attributes
                0x000004d0       0x1d D:/Program Files/STM32CubeIDE_1.19.0/STM32CubeIDE/plugins/com.st.stm32cube.ide.mcu.externaltools.gnu-tools-for-stm32.13.3.rel1.win32_1.0.0.202411081344/tools/bin/../lib/gcc/arm-none-eabi/13.3.1/thumb/v7-m/nofp\libgcc.a(_arm_mulsf3.o)
 .ARM.attributes
                0x000004ed       0x1d D:/Program Files/STM32CubeIDE_1.19.0/STM32CubeIDE/plugins/com.st.stm32cube.ide.mcu.externaltools.gnu-tools-for-stm32.13.3.rel1.win32_1.0.0.202411081344/tools/bin/../lib/gcc/arm-none-eabi/13.3.1/thumb/v7-m/nofp\libgcc.a(_arm_addsubsf3.o)
 .ARM.attributes
                0x0000050a       0x1d D:/Program Files/STM32CubeIDE_1.19.0/STM32CubeIDE/plugins/com.st.stm32cube.ide.mcu.externaltools.gnu-tools-for-stm32.13.3.rel1.win32_1.0.0.202411081344/tools/bin/../lib/gcc/arm-none-eabi/13.3.1/thumb/v7-m/nofp\libgcc.a(_arm_cmpsf2.o)
 .ARM.attributes
                0x00000527       0x1d D:/Program Files/STM32CubeIDE_1.19.0/STM32CubeIDE/plugins/com.st.stm32cube.ide.mcu.externaltools.gnu-tools-for-stm32.13.3.rel1.win32_1.0.0.202411081344/tools/bin/../lib/gcc/arm-none-eabi/13.3.1/thumb/v7-m/nofp/crtn.o
OUTPUT(Encoder.elf elf32-littlearm)
LOAD linker stubs
LOAD D:/Program Files/STM32CubeIDE_1.19.0/STM32CubeIDE/plugins/com.st.stm32cube.ide.mcu.externaltools.gnu-tools-for-stm32.13.3.rel1.win32_1.0.0.202411081344/tools/bin/../lib/gcc/arm-none-eabi/13.3.1/../../../../arm-none-eabi/lib/thumb/v7-m/nofp\libc.a
LOAD D:/Program Files/STM32CubeIDE_1.19.0/STM32CubeIDE/plugins/com.st.stm32cube.ide.mcu.externaltools.gnu-tools-for-stm32.13.3.rel1.win32_1.0.0.202411081344/tools/bin/../lib/gcc/arm-none-eabi/13.3.1/../../../../arm-none-eabi/lib/thumb/v7-m/nofp\libm.a
LOAD D:/Program Files/STM32CubeIDE_1.19.0/STM32CubeIDE/plugins/com.st.stm32cube.ide.mcu.externaltools.gnu-tools-for-stm32.13.3.rel1.win32_1.0.0.202411081344/tools/bin/../lib/gcc/arm-none-eabi/13.3.1/thumb/v7-m/nofp\libgcc.a

.debug_info     0x00000000     0xfc3f
 .debug_info    0x00000000      0x7b9 ./Core/Src/can.o
 .debug_info    0x000007b9      0x27d ./Core/Src/gpio.o
 .debug_info    0x00000a36      0x925 ./Core/Src/main.o
 .debug_info    0x0000135b      0x1f8 ./Core/Src/stm32f1xx_hal_msp.o
 .debug_info    0x00001553      0x9a8 ./Core/Src/stm32f1xx_hal_timebase_tim.o
 .debug_info    0x00001efb      0x671 ./Core/Src/stm32f1xx_it.o
 .debug_info    0x0000256c      0x222 ./Core/Src/system_stm32f1xx.o
 .debug_info    0x0000278e      0x831 ./Core/Src/tim.o
 .debug_info    0x00002fbf       0x30 ./Core/Startup/startup_stm32f103c8tx.o
 .debug_info    0x00002fef      0x704 ./Drivers/STM32F1xx_HAL_Driver/Src/stm32f1xx_hal.o
 .debug_info    0x000036f3      0xf13 ./Drivers/STM32F1xx_HAL_Driver/Src/stm32f1xx_hal_can.o
 .debug_info    0x00004606      0xa87 ./Drivers/STM32F1xx_HAL_Driver/Src/stm32f1xx_hal_cortex.o
 .debug_info    0x0000508d      0x5ab ./Drivers/STM32F1xx_HAL_Driver/Src/stm32f1xx_hal_gpio.o
 .debug_info    0x00005638      0x7d5 ./Drivers/STM32F1xx_HAL_Driver/Src/stm32f1xx_hal_rcc.o
 .debug_info    0x00005e0d     0x2959 ./Drivers/STM32F1xx_HAL_Driver/Src/stm32f1xx_hal_tim.o
 .debug_info    0x00008766     0x149b ./Drivers/STM32F1xx_HAL_Driver/Src/stm32f1xx_hal_tim_ex.o
 .debug_info    0x00009c01      0xddd ./Encoder/Src/Encoder.o
 .debug_info    0x0000a9de      0x2af ./FreeRTOS/Source/list.o
 .debug_info    0x0000ac8d     0x166f ./FreeRTOS/Source/queue.o
 .debug_info    0x0000c2fc     0x2024 ./FreeRTOS/Source/tasks.o
 .debug_info    0x0000e320      0xf67 ./FreeRTOS/Source/timers.o
 .debug_info    0x0000f287      0x497 ./FreeRTOS/Source/portable/GCC/ARM_CM3/port.o
 .debug_info    0x0000f71e      0x521 ./FreeRTOS/Source/portable/MemMang/heap_4.o

.debug_abbrev   0x00000000     0x2f30
 .debug_abbrev  0x00000000      0x21c ./Core/Src/can.o
 .debug_abbrev  0x0000021c      0x122 ./Core/Src/gpio.o
 .debug_abbrev  0x0000033e      0x269 ./Core/Src/main.o
 .debug_abbrev  0x000005a7       0xdb ./Core/Src/stm32f1xx_hal_msp.o
 .debug_abbrev  0x00000682      0x1f3 ./Core/Src/stm32f1xx_hal_timebase_tim.o
 .debug_abbrev  0x00000875      0x17c ./Core/Src/stm32f1xx_it.o
 .debug_abbrev  0x000009f1      0x13f ./Core/Src/system_stm32f1xx.o
 .debug_abbrev  0x00000b30      0x1ef ./Core/Src/tim.o
 .debug_abbrev  0x00000d1f       0x24 ./Core/Startup/startup_stm32f103c8tx.o
 .debug_abbrev  0x00000d43      0x201 ./Drivers/STM32F1xx_HAL_Driver/Src/stm32f1xx_hal.o
 .debug_abbrev  0x00000f44      0x21c ./Drivers/STM32F1xx_HAL_Driver/Src/stm32f1xx_hal_can.o
 .debug_abbrev  0x00001160      0x2f8 ./Drivers/STM32F1xx_HAL_Driver/Src/stm32f1xx_hal_cortex.o
 .debug_abbrev  0x00001458      0x1ca ./Drivers/STM32F1xx_HAL_Driver/Src/stm32f1xx_hal_gpio.o
 .debug_abbrev  0x00001622      0x2b3 ./Drivers/STM32F1xx_HAL_Driver/Src/stm32f1xx_hal_rcc.o
 .debug_abbrev  0x000018d5      0x277 ./Drivers/STM32F1xx_HAL_Driver/Src/stm32f1xx_hal_tim.o
 .debug_abbrev  0x00001b4c      0x282 ./Drivers/STM32F1xx_HAL_Driver/Src/stm32f1xx_hal_tim_ex.o
 .debug_abbrev  0x00001dce      0x283 ./Encoder/Src/Encoder.o
 .debug_abbrev  0x00002051       0xf5 ./FreeRTOS/Source/list.o
 .debug_abbrev  0x00002146      0x323 ./FreeRTOS/Source/queue.o
 .debug_abbrev  0x00002469      0x35f ./FreeRTOS/Source/tasks.o
 .debug_abbrev  0x000027c8      0x2bc ./FreeRTOS/Source/timers.o
 .debug_abbrev  0x00002a84      0x256 ./FreeRTOS/Source/portable/GCC/ARM_CM3/port.o
 .debug_abbrev  0x00002cda      0x256 ./FreeRTOS/Source/portable/MemMang/heap_4.o

.debug_aranges  0x00000000     0x1000
 .debug_aranges
                0x00000000       0x38 ./Core/Src/can.o
 .debug_aranges
                0x00000038       0x20 ./Core/Src/gpio.o
 .debug_aranges
                0x00000058       0x38 ./Core/Src/main.o
 .debug_aranges
                0x00000090       0x20 ./Core/Src/stm32f1xx_hal_msp.o
 .debug_aranges
                0x000000b0       0x30 ./Core/Src/stm32f1xx_hal_timebase_tim.o
 .debug_aranges
                0x000000e0       0x50 ./Core/Src/stm32f1xx_it.o
 .debug_aranges
                0x00000130       0x28 ./Core/Src/system_stm32f1xx.o
 .debug_aranges
                0x00000158       0x30 ./Core/Src/tim.o
 .debug_aranges
                0x00000188       0x28 ./Core/Startup/startup_stm32f103c8tx.o
 .debug_aranges
                0x000001b0       0xe0 ./Drivers/STM32F1xx_HAL_Driver/Src/stm32f1xx_hal.o
 .debug_aranges
                0x00000290      0x138 ./Drivers/STM32F1xx_HAL_Driver/Src/stm32f1xx_hal_can.o
 .debug_aranges
                0x000003c8      0x100 ./Drivers/STM32F1xx_HAL_Driver/Src/stm32f1xx_hal_cortex.o
 .debug_aranges
                0x000004c8       0x58 ./Drivers/STM32F1xx_HAL_Driver/Src/stm32f1xx_hal_gpio.o
 .debug_aranges
                0x00000520       0x90 ./Drivers/STM32F1xx_HAL_Driver/Src/stm32f1xx_hal_rcc.o
 .debug_aranges
                0x000005b0      0x3d0 ./Drivers/STM32F1xx_HAL_Driver/Src/stm32f1xx_hal_tim.o
 .debug_aranges
                0x00000980      0x168 ./Drivers/STM32F1xx_HAL_Driver/Src/stm32f1xx_hal_tim_ex.o
 .debug_aranges
                0x00000ae8       0x58 ./Encoder/Src/Encoder.o
 .debug_aranges
                0x00000b40       0x40 ./FreeRTOS/Source/list.o
 .debug_aranges
                0x00000b80      0x100 ./FreeRTOS/Source/queue.o
 .debug_aranges
                0x00000c80      0x1c0 ./FreeRTOS/Source/tasks.o
 .debug_aranges
                0x00000e40       0xe8 ./FreeRTOS/Source/timers.o
 .debug_aranges
                0x00000f28       0x78 ./FreeRTOS/Source/portable/GCC/ARM_CM3/port.o
 .debug_aranges
                0x00000fa0       0x60 ./FreeRTOS/Source/portable/MemMang/heap_4.o

.debug_rnglists
                0x00000000      0xc37
 .debug_rnglists
                0x00000000       0x26 ./Core/Src/can.o
 .debug_rnglists
                0x00000026       0x14 ./Core/Src/gpio.o
 .debug_rnglists
                0x0000003a       0x26 ./Core/Src/main.o
 .debug_rnglists
                0x00000060       0x13 ./Core/Src/stm32f1xx_hal_msp.o
 .debug_rnglists
                0x00000073       0x20 ./Core/Src/stm32f1xx_hal_timebase_tim.o
 .debug_rnglists
                0x00000093       0x37 ./Core/Src/stm32f1xx_it.o
 .debug_rnglists
                0x000000ca       0x1a ./Core/Src/system_stm32f1xx.o
 .debug_rnglists
                0x000000e4       0x20 ./Core/Src/tim.o
 .debug_rnglists
                0x00000104       0x19 ./Core/Startup/startup_stm32f103c8tx.o
 .debug_rnglists
                0x0000011d       0xa3 ./Drivers/STM32F1xx_HAL_Driver/Src/stm32f1xx_hal.o
 .debug_rnglists
                0x000001c0       0xed ./Drivers/STM32F1xx_HAL_Driver/Src/stm32f1xx_hal_can.o
 .debug_rnglists
                0x000002ad       0xbb ./Drivers/STM32F1xx_HAL_Driver/Src/stm32f1xx_hal_cortex.o
 .debug_rnglists
                0x00000368       0x3f ./Drivers/STM32F1xx_HAL_Driver/Src/stm32f1xx_hal_gpio.o
 .debug_rnglists
                0x000003a7       0x6c ./Drivers/STM32F1xx_HAL_Driver/Src/stm32f1xx_hal_rcc.o
 .debug_rnglists
                0x00000413      0x31a ./Drivers/STM32F1xx_HAL_Driver/Src/stm32f1xx_hal_tim.o
 .debug_rnglists
                0x0000072d      0x125 ./Drivers/STM32F1xx_HAL_Driver/Src/stm32f1xx_hal_tim_ex.o
 .debug_rnglists
                0x00000852       0x3f ./Encoder/Src/Encoder.o
 .debug_rnglists
                0x00000891       0x2b ./FreeRTOS/Source/list.o
 .debug_rnglists
                0x000008bc       0xc8 ./FreeRTOS/Source/queue.o
 .debug_rnglists
                0x00000984      0x167 ./FreeRTOS/Source/tasks.o
 .debug_rnglists
                0x00000aeb       0xad ./FreeRTOS/Source/timers.o
 .debug_rnglists
                0x00000b98       0x57 ./FreeRTOS/Source/portable/GCC/ARM_CM3/port.o
 .debug_rnglists
                0x00000bef       0x48 ./FreeRTOS/Source/portable/MemMang/heap_4.o

.debug_macro    0x00000000    0x1a1f4
 .debug_macro   0x00000000      0x33a ./Core/Src/can.o
 .debug_macro   0x0000033a      0xacc ./Core/Src/can.o
 .debug_macro   0x00000e06      0x21b ./Core/Src/can.o
 .debug_macro   0x00001021       0x2e ./Core/Src/can.o
 .debug_macro   0x0000104f       0x22 ./Core/Src/can.o
 .debug_macro   0x00001071       0x22 ./Core/Src/can.o
 .debug_macro   0x00001093       0x8e ./Core/Src/can.o
 .debug_macro   0x00001121       0x51 ./Core/Src/can.o
 .debug_macro   0x00001172      0x103 ./Core/Src/can.o
 .debug_macro   0x00001275       0x6a ./Core/Src/can.o
 .debug_macro   0x000012df      0x1df ./Core/Src/can.o
 .debug_macro   0x000014be       0x1c ./Core/Src/can.o
 .debug_macro   0x000014da       0x22 ./Core/Src/can.o
 .debug_macro   0x000014fc       0xbd ./Core/Src/can.o
 .debug_macro   0x000015b9      0xd23 ./Core/Src/can.o
 .debug_macro   0x000022dc     0xe09e ./Core/Src/can.o
 .debug_macro   0x0001037a       0x6d ./Core/Src/can.o
 .debug_macro   0x000103e7     0x34a2 ./Core/Src/can.o
 .debug_macro   0x00013889      0x190 ./Core/Src/can.o
 .debug_macro   0x00013a19       0x5c ./Core/Src/can.o
 .debug_macro   0x00013a75      0x5bc ./Core/Src/can.o
 .debug_macro   0x00014031      0x289 ./Core/Src/can.o
 .debug_macro   0x000142ba      0x1cb ./Core/Src/can.o
 .debug_macro   0x00014485      0x114 ./Core/Src/can.o
 .debug_macro   0x00014599      0x1b2 ./Core/Src/can.o
 .debug_macro   0x0001474b       0x27 ./Core/Src/can.o
 .debug_macro   0x00014772      0x136 ./Core/Src/can.o
 .debug_macro   0x000148a8      0x1bc ./Core/Src/can.o
 .debug_macro   0x00014a64       0x34 ./Core/Src/can.o
 .debug_macro   0x00014a98       0x3c ./Core/Src/can.o
 .debug_macro   0x00014ad4      0x408 ./Core/Src/can.o
 .debug_macro   0x00014edc       0x57 ./Core/Src/can.o
 .debug_macro   0x00014f33       0x87 ./Core/Src/can.o
 .debug_macro   0x00014fba      0x240 ./Core/Src/can.o
 .debug_macro   0x000151fa      0x140 ./Core/Src/can.o
 .debug_macro   0x0001533a      0x8ed ./Core/Src/can.o
 .debug_macro   0x00015c27       0x83 ./Core/Src/can.o
 .debug_macro   0x00015caa       0x61 ./Core/Src/can.o
 .debug_macro   0x00015d0b       0x24 ./Core/Src/can.o
 .debug_macro   0x00015d2f       0x43 ./Core/Src/can.o
 .debug_macro   0x00015d72       0x34 ./Core/Src/can.o
 .debug_macro   0x00015da6       0x16 ./Core/Src/can.o
 .debug_macro   0x00015dbc       0x3c ./Core/Src/can.o
 .debug_macro   0x00015df8      0x370 ./Core/Src/can.o
 .debug_macro   0x00016168       0x10 ./Core/Src/can.o
 .debug_macro   0x00016178       0x16 ./Core/Src/can.o
 .debug_macro   0x0001618e       0x4a ./Core/Src/can.o
 .debug_macro   0x000161d8       0x34 ./Core/Src/can.o
 .debug_macro   0x0001620c       0x10 ./Core/Src/can.o
 .debug_macro   0x0001621c       0x58 ./Core/Src/can.o
 .debug_macro   0x00016274       0x8e ./Core/Src/can.o
 .debug_macro   0x00016302       0x1c ./Core/Src/can.o
 .debug_macro   0x0001631e      0x185 ./Core/Src/can.o
 .debug_macro   0x000164a3       0x16 ./Core/Src/can.o
 .debug_macro   0x000164b9       0x16 ./Core/Src/can.o
 .debug_macro   0x000164cf      0x146 ./Core/Src/can.o
 .debug_macro   0x00016615       0x22 ./Core/Src/can.o
 .debug_macro   0x00016637       0x16 ./Core/Src/can.o
 .debug_macro   0x0001664d       0x20 ./Core/Src/can.o
 .debug_macro   0x0001666d      0x112 ./Core/Src/can.o
 .debug_macro   0x0001677f      0x15a ./Core/Src/can.o
 .debug_macro   0x000168d9       0xe4 ./Core/Src/can.o
 .debug_macro   0x000169bd       0x28 ./Core/Src/can.o
 .debug_macro   0x000169e5       0x1f ./Core/Src/can.o
 .debug_macro   0x00016a04       0x12 ./Core/Src/can.o
 .debug_macro   0x00016a16      0x51f ./Core/Src/can.o
 .debug_macro   0x00016f35       0xc3 ./Core/Src/can.o
 .debug_macro   0x00016ff8      0x120 ./Core/Src/can.o
 .debug_macro   0x00017118       0x7c ./Core/Src/can.o
 .debug_macro   0x00017194      0x33a ./Core/Src/gpio.o
 .debug_macro   0x000174ce      0x35b ./Core/Src/main.o
 .debug_macro   0x00017829       0x46 ./Core/Src/main.o
 .debug_macro   0x0001786f      0x330 ./Core/Src/stm32f1xx_hal_msp.o
 .debug_macro   0x00017b9f      0x1a3 ./Core/Src/stm32f1xx_hal_timebase_tim.o
 .debug_macro   0x00017d42      0x33a ./Core/Src/stm32f1xx_it.o
 .debug_macro   0x0001807c      0x1a3 ./Core/Src/system_stm32f1xx.o
 .debug_macro   0x0001821f      0x33a ./Core/Src/tim.o
 .debug_macro   0x00018559      0x1c7 ./Drivers/STM32F1xx_HAL_Driver/Src/stm32f1xx_hal.o
 .debug_macro   0x00018720      0x1b2 ./Drivers/STM32F1xx_HAL_Driver/Src/stm32f1xx_hal_can.o
 .debug_macro   0x000188d2      0x1a3 ./Drivers/STM32F1xx_HAL_Driver/Src/stm32f1xx_hal_cortex.o
 .debug_macro   0x00018a75      0x20e ./Drivers/STM32F1xx_HAL_Driver/Src/stm32f1xx_hal_gpio.o
 .debug_macro   0x00018c83      0x1b5 ./Drivers/STM32F1xx_HAL_Driver/Src/stm32f1xx_hal_rcc.o
 .debug_macro   0x00018e38      0x1a4 ./Drivers/STM32F1xx_HAL_Driver/Src/stm32f1xx_hal_tim.o
 .debug_macro   0x00018fdc      0x1a3 ./Drivers/STM32F1xx_HAL_Driver/Src/stm32f1xx_hal_tim_ex.o
 .debug_macro   0x0001917f      0x33f ./Encoder/Src/Encoder.o
 .debug_macro   0x000194be       0x40 ./Encoder/Src/Encoder.o
 .debug_macro   0x000194fe      0x198 ./FreeRTOS/Source/list.o
 .debug_macro   0x00019696      0x22f ./FreeRTOS/Source/queue.o
 .debug_macro   0x000198c5       0x80 ./FreeRTOS/Source/queue.o
 .debug_macro   0x00019945      0x27e ./FreeRTOS/Source/tasks.o
 .debug_macro   0x00019bc3       0x17 ./FreeRTOS/Source/tasks.o
 .debug_macro   0x00019bda      0x1e7 ./FreeRTOS/Source/timers.o
 .debug_macro   0x00019dc1       0x97 ./FreeRTOS/Source/timers.o
 .debug_macro   0x00019e58      0x183 ./FreeRTOS/Source/portable/GCC/ARM_CM3/port.o
 .debug_macro   0x00019fdb      0x219 ./FreeRTOS/Source/portable/MemMang/heap_4.o

.debug_line     0x00000000    0x14ac0
 .debug_line    0x00000000      0xbc2 ./Core/Src/can.o
 .debug_line    0x00000bc2      0xb21 ./Core/Src/gpio.o
 .debug_line    0x000016e3      0xc1e ./Core/Src/main.o
 .debug_line    0x00002301      0xb17 ./Core/Src/stm32f1xx_hal_msp.o
 .debug_line    0x00002e18      0x776 ./Core/Src/stm32f1xx_hal_timebase_tim.o
 .debug_line    0x0000358e      0xb9f ./Core/Src/stm32f1xx_it.o
 .debug_line    0x0000412d      0x776 ./Core/Src/system_stm32f1xx.o
 .debug_line    0x000048a3      0xb8d ./Core/Src/tim.o
 .debug_line    0x00005430       0x78 ./Core/Startup/startup_stm32f103c8tx.o
 .debug_line    0x000054a8      0x9a7 ./Drivers/STM32F1xx_HAL_Driver/Src/stm32f1xx_hal.o
 .debug_line    0x00005e4f     0x11a0 ./Drivers/STM32F1xx_HAL_Driver/Src/stm32f1xx_hal_can.o
 .debug_line    0x00006fef      0xb71 ./Drivers/STM32F1xx_HAL_Driver/Src/stm32f1xx_hal_cortex.o
 .debug_line    0x00007b60      0xa04 ./Drivers/STM32F1xx_HAL_Driver/Src/stm32f1xx_hal_gpio.o
 .debug_line    0x00008564      0xe60 ./Drivers/STM32F1xx_HAL_Driver/Src/stm32f1xx_hal_rcc.o
 .debug_line    0x000093c4     0x3495 ./Drivers/STM32F1xx_HAL_Driver/Src/stm32f1xx_hal_tim.o
 .debug_line    0x0000c859     0x186b ./Drivers/STM32F1xx_HAL_Driver/Src/stm32f1xx_hal_tim_ex.o
 .debug_line    0x0000e0c4      0xcf8 ./Encoder/Src/Encoder.o
 .debug_line    0x0000edbc      0x8f6 ./FreeRTOS/Source/list.o
 .debug_line    0x0000f6b2     0x1683 ./FreeRTOS/Source/queue.o
 .debug_line    0x00010d35     0x1b50 ./FreeRTOS/Source/tasks.o
 .debug_line    0x00012885      0xe68 ./FreeRTOS/Source/timers.o
 .debug_line    0x000136ed      0x86e ./FreeRTOS/Source/portable/GCC/ARM_CM3/port.o
 .debug_line    0x00013f5b      0xb65 ./FreeRTOS/Source/portable/MemMang/heap_4.o

.debug_str      0x00000000    0x93997
 .debug_str     0x00000000    0x93997 ./Core/Src/can.o
                              0x8caa9 (size before relaxing)
 .debug_str     0x00093997    0x8c6bd ./Core/Src/gpio.o
 .debug_str     0x00093997    0x8ce8f ./Core/Src/main.o
 .debug_str     0x00093997    0x8c681 ./Core/Src/stm32f1xx_hal_msp.o
 .debug_str     0x00093997    0x845b6 ./Core/Src/stm32f1xx_hal_timebase_tim.o
 .debug_str     0x00093997    0x8cb50 ./Core/Src/stm32f1xx_it.o
 .debug_str     0x00093997    0x83cee ./Core/Src/system_stm32f1xx.o
 .debug_str     0x00093997    0x8cc87 ./Core/Src/tim.o
 .debug_str     0x00093997       0x8b ./Core/Startup/startup_stm32f103c8tx.o
 .debug_str     0x00093997    0x84421 ./Drivers/STM32F1xx_HAL_Driver/Src/stm32f1xx_hal.o
 .debug_str     0x00093997    0x844f6 ./Drivers/STM32F1xx_HAL_Driver/Src/stm32f1xx_hal_can.o
 .debug_str     0x00093997    0x8436d ./Drivers/STM32F1xx_HAL_Driver/Src/stm32f1xx_hal_cortex.o
 .debug_str     0x00093997    0x84074 ./Drivers/STM32F1xx_HAL_Driver/Src/stm32f1xx_hal_gpio.o
 .debug_str     0x00093997    0x8411d ./Drivers/STM32F1xx_HAL_Driver/Src/stm32f1xx_hal_rcc.o
 .debug_str     0x00093997    0x8511f ./Drivers/STM32F1xx_HAL_Driver/Src/stm32f1xx_hal_tim.o
 .debug_str     0x00093997    0x8492b ./Drivers/STM32F1xx_HAL_Driver/Src/stm32f1xx_hal_tim_ex.o
 .debug_str     0x00093997    0x8d0db ./Encoder/Src/Encoder.o
 .debug_str     0x00093997     0xb21a ./FreeRTOS/Source/list.o
 .debug_str     0x00093997     0xd839 ./FreeRTOS/Source/queue.o
 .debug_str     0x00093997     0xe0fe ./FreeRTOS/Source/tasks.o
 .debug_str     0x00093997     0xdb1a ./FreeRTOS/Source/timers.o
 .debug_str     0x00093997     0x98bf ./FreeRTOS/Source/portable/GCC/ARM_CM3/port.o
 .debug_str     0x00093997     0xca44 ./FreeRTOS/Source/portable/MemMang/heap_4.o

.comment        0x00000000       0x43
 .comment       0x00000000       0x43 ./Core/Src/can.o
                                 0x44 (size before relaxing)
 .comment       0x00000043       0x44 ./Core/Src/gpio.o
 .comment       0x00000043       0x44 ./Core/Src/main.o
 .comment       0x00000043       0x44 ./Core/Src/stm32f1xx_hal_msp.o
 .comment       0x00000043       0x44 ./Core/Src/stm32f1xx_hal_timebase_tim.o
 .comment       0x00000043       0x44 ./Core/Src/stm32f1xx_it.o
 .comment       0x00000043       0x44 ./Core/Src/system_stm32f1xx.o
 .comment       0x00000043       0x44 ./Core/Src/tim.o
 .comment       0x00000043       0x44 ./Drivers/STM32F1xx_HAL_Driver/Src/stm32f1xx_hal.o
 .comment       0x00000043       0x44 ./Drivers/STM32F1xx_HAL_Driver/Src/stm32f1xx_hal_can.o
 .comment       0x00000043       0x44 ./Drivers/STM32F1xx_HAL_Driver/Src/stm32f1xx_hal_cortex.o
 .comment       0x00000043       0x44 ./Drivers/STM32F1xx_HAL_Driver/Src/stm32f1xx_hal_gpio.o
 .comment       0x00000043       0x44 ./Drivers/STM32F1xx_HAL_Driver/Src/stm32f1xx_hal_rcc.o
 .comment       0x00000043       0x44 ./Drivers/STM32F1xx_HAL_Driver/Src/stm32f1xx_hal_tim.o
 .comment       0x00000043       0x44 ./Drivers/STM32F1xx_HAL_Driver/Src/stm32f1xx_hal_tim_ex.o
 .comment       0x00000043       0x44 ./Encoder/Src/Encoder.o
 .comment       0x00000043       0x44 ./FreeRTOS/Source/list.o
 .comment       0x00000043       0x44 ./FreeRTOS/Source/queue.o
 .comment       0x00000043       0x44 ./FreeRTOS/Source/tasks.o
 .comment       0x00000043       0x44 ./FreeRTOS/Source/timers.o
 .comment       0x00000043       0x44 ./FreeRTOS/Source/portable/GCC/ARM_CM3/port.o
 .comment       0x00000043       0x44 ./FreeRTOS/Source/portable/MemMang/heap_4.o

.debug_frame    0x00000000     0x4240
 .debug_frame   0x00000000       0x98 ./Core/Src/can.o
 .debug_frame   0x00000098       0x34 ./Core/Src/gpio.o
 .debug_frame   0x000000cc       0x90 ./Core/Src/main.o
 .debug_frame   0x0000015c       0x38 ./Core/Src/stm32f1xx_hal_msp.o
 .debug_frame   0x00000194       0x74 ./Core/Src/stm32f1xx_hal_timebase_tim.o
 .debug_frame   0x00000208       0xc4 ./Core/Src/stm32f1xx_it.o
 .debug_frame   0x000002cc       0x58 ./Core/Src/system_stm32f1xx.o
 .debug_frame   0x00000324       0x84 ./Core/Src/tim.o
 .debug_frame   0x000003a8      0x334 ./Drivers/STM32F1xx_HAL_Driver/Src/stm32f1xx_hal.o
 .debug_frame   0x000006dc      0x5a0 ./Drivers/STM32F1xx_HAL_Driver/Src/stm32f1xx_hal_can.o
 .debug_frame   0x00000c7c      0x428 ./Drivers/STM32F1xx_HAL_Driver/Src/stm32f1xx_hal_cortex.o
 .debug_frame   0x000010a4      0x14c ./Drivers/STM32F1xx_HAL_Driver/Src/stm32f1xx_hal_gpio.o
 .debug_frame   0x000011f0      0x218 ./Drivers/STM32F1xx_HAL_Driver/Src/stm32f1xx_hal_rcc.o
 .debug_frame   0x00001408     0x11b8 ./Drivers/STM32F1xx_HAL_Driver/Src/stm32f1xx_hal_tim.o
 .debug_frame   0x000025c0      0x638 ./Drivers/STM32F1xx_HAL_Driver/Src/stm32f1xx_hal_tim_ex.o
 .debug_frame   0x00002bf8      0x138 ./Encoder/Src/Encoder.o
 .debug_frame   0x00002d30       0xd8 ./FreeRTOS/Source/list.o
 .debug_frame   0x00002e08      0x444 ./FreeRTOS/Source/queue.o
 .debug_frame   0x0000324c      0x7a0 ./FreeRTOS/Source/tasks.o
 .debug_frame   0x000039ec      0x3c0 ./FreeRTOS/Source/timers.o
 .debug_frame   0x00003dac      0x198 ./FreeRTOS/Source/portable/GCC/ARM_CM3/port.o
 .debug_frame   0x00003f44      0x150 ./FreeRTOS/Source/portable/MemMang/heap_4.o
 .debug_frame   0x00004094       0x20 D:/Program Files/STM32CubeIDE_1.19.0/STM32CubeIDE/plugins/com.st.stm32cube.ide.mcu.externaltools.gnu-tools-for-stm32.13.3.rel1.win32_1.0.0.202411081344/tools/bin/../lib/gcc/arm-none-eabi/13.3.1/../../../../arm-none-eabi/lib/thumb/v7-m/nofp\libc_nano.a(libc_a-memset.o)
 .debug_frame   0x000040b4       0x2c D:/Program Files/STM32CubeIDE_1.19.0/STM32CubeIDE/plugins/com.st.stm32cube.ide.mcu.externaltools.gnu-tools-for-stm32.13.3.rel1.win32_1.0.0.202411081344/tools/bin/../lib/gcc/arm-none-eabi/13.3.1/../../../../arm-none-eabi/lib/thumb/v7-m/nofp\libc_nano.a(libc_a-init.o)
 .debug_frame   0x000040e0       0x28 D:/Program Files/STM32CubeIDE_1.19.0/STM32CubeIDE/plugins/com.st.stm32cube.ide.mcu.externaltools.gnu-tools-for-stm32.13.3.rel1.win32_1.0.0.202411081344/tools/bin/../lib/gcc/arm-none-eabi/13.3.1/../../../../arm-none-eabi/lib/thumb/v7-m/nofp\libc_nano.a(libc_a-memcpy-stub.o)
 .debug_frame   0x00004108       0x24 D:/Program Files/STM32CubeIDE_1.19.0/STM32CubeIDE/plugins/com.st.stm32cube.ide.mcu.externaltools.gnu-tools-for-stm32.13.3.rel1.win32_1.0.0.202411081344/tools/bin/../lib/gcc/arm-none-eabi/13.3.1/thumb/v7-m/nofp\libgcc.a(_arm_mulsf3.o)
 .debug_frame   0x0000412c       0x4c D:/Program Files/STM32CubeIDE_1.19.0/STM32CubeIDE/plugins/com.st.stm32cube.ide.mcu.externaltools.gnu-tools-for-stm32.13.3.rel1.win32_1.0.0.202411081344/tools/bin/../lib/gcc/arm-none-eabi/13.3.1/thumb/v7-m/nofp\libgcc.a(_arm_addsubsf3.o)
 .debug_frame   0x00004178       0xc8 D:/Program Files/STM32CubeIDE_1.19.0/STM32CubeIDE/plugins/com.st.stm32cube.ide.mcu.externaltools.gnu-tools-for-stm32.13.3.rel1.win32_1.0.0.202411081344/tools/bin/../lib/gcc/arm-none-eabi/13.3.1/thumb/v7-m/nofp\libgcc.a(_arm_cmpsf2.o)

.debug_line_str
                0x00000000       0x6f
 .debug_line_str
                0x00000000       0x6f ./Core/Startup/startup_stm32f103c8tx.o
